[output] Output to be read-from/written-into folder 'chains/Semifinal', with prefix 'testing_theory'
[output] Found existing info files with the requested output prefix: 'chains/Semifinal/testing_theory'
[output] Will delete previous products ('force' was requested).
[output] *ERROR* File chains/Semifinal/testing_theory.input.yaml.locked is locked.
You may be running multiple jobs with the same output when you intended to run with MPI. Check that mpi4py is correctly installed and configured (using the same mpi as mpirun/mpiexec); e.g. try the test at
https://cobaya.readthedocs.io/en/latest/installation.html#mpi-parallelization-optional-but-encouraged
Your current mpi4py config is:
 {'mpicc': '/global/homes/c/cpopik/.conda/envs/soliket-test2/bin/mpicc', 'mpicxx': '/global/homes/c/cpopik/.conda/envs/soliket-test2/bin/mpicxx', 'mpifort': '/global/homes/c/cpopik/.conda/envs/soliket-test2/bin/mpifort', 'mpif90': '/global/homes/c/cpopik/.conda/envs/soliket-test2/bin/mpif90', 'mpif77': '/global/homes/c/cpopik/.conda/envs/soliket-test2/bin/mpif77'}
If this is a lock issue you can disable this check by setting env COBAYA_USE_FILE_LOCKING=False.
[exception handler] ---------------------------------------

Traceback (most recent call last):
  File "/global/homes/c/cpopik/.conda/envs/soliket-test2/lib/python3.10/site-packages/portalocker/portalocker.py", line 107, in lock
    fcntl.flock(file_, flags)
OSError: [Errno 524] Unknown error 524

The above exception was the direct cause of the following exception:

Traceback (most recent call last):
  File "/global/homes/c/cpopik/.conda/envs/soliket-test2/lib/python3.10/site-packages/cobaya/output.py", line 70, in set_lock
    portalocker.lock(h, portalocker.LOCK_EX + portalocker.LOCK_NB)
  File "/global/homes/c/cpopik/.conda/envs/soliket-test2/lib/python3.10/site-packages/portalocker/portalocker.py", line 111, in lock
    raise exceptions.LockException(exc_value, fh=file_) from exc_value
portalocker.exceptions.LockException: [Errno 524] Unknown error 524

During handling of the above exception, another exception occurred:

Traceback (most recent call last):
  File "/global/u2/c/cpopik/CAPPIBARAS/runchains.py", line 27, in <module>
    updated_info_minimizer, minimizer = cobaya.run(SOLikelihoods.YAML_FILE, force=True)
  File "/global/homes/c/cpopik/.conda/envs/soliket-test2/lib/python3.10/site-packages/cobaya/run.py", line 94, in run
    with get_output(prefix=info.get("output"), resume=info.get("resume"),
  File "/global/homes/c/cpopik/.conda/envs/soliket-test2/lib/python3.10/site-packages/cobaya/output.py", line 637, in __enter__
    self.set_lock()
  File "/global/homes/c/cpopik/.conda/envs/soliket-test2/lib/python3.10/site-packages/cobaya/mpi.py", line 230, in wrapper
    return func(*args, **kwargs)
  File "/global/homes/c/cpopik/.conda/envs/soliket-test2/lib/python3.10/site-packages/cobaya/output.py", line 634, in set_lock
    self.lock.set_lock(self.log, self.file_input, force=self.force)
  File "/global/homes/c/cpopik/.conda/envs/soliket-test2/lib/python3.10/site-packages/cobaya/output.py", line 75, in set_lock
    self.lock_error()
  File "/global/homes/c/cpopik/.conda/envs/soliket-test2/lib/python3.10/site-packages/cobaya/output.py", line 104, in lock_error
    raise LoggedError(self.log,
cobaya.log.LoggedError: File chains/Semifinal/testing_theory.input.yaml.locked is locked.
You may be running multiple jobs with the same output when you intended to run with MPI. Check that mpi4py is correctly installed and configured (using the same mpi as mpirun/mpiexec); e.g. try the test at
https://cobaya.readthedocs.io/en/latest/installation.html#mpi-parallelization-optional-but-encouraged
Your current mpi4py config is:
 {'mpicc': '/global/homes/c/cpopik/.conda/envs/soliket-test2/bin/mpicc', 'mpicxx': '/global/homes/c/cpopik/.conda/envs/soliket-test2/bin/mpicxx', 'mpifort': '/global/homes/c/cpopik/.conda/envs/soliket-test2/bin/mpifort', 'mpif90': '/global/homes/c/cpopik/.conda/envs/soliket-test2/bin/mpif90', 'mpif77': '/global/homes/c/cpopik/.conda/envs/soliket-test2/bin/mpif77'}
If this is a lock issue you can disable this check by setting env COBAYA_USE_FILE_LOCKING=False.
-------------------------------------------------------------

